******************************************************************************
                  TI ARM Linker PC v20.2.7                     
******************************************************************************
>> Linked Fri Jul 19 13:57:57 2024

OUTPUT FILE NAME:   <AUTOSAR_Project.out>
ENTRY POINT SYMBOL: "_c_int00_noargs"  address: 00000e45


MEMORY CONFIGURATION

         name            origin    length      used     unused   attr    fill
----------------------  --------  ---------  --------  --------  ----  --------
  FLASH                 00000000   00040000  00001000  0003f000  R  X
  SRAM                  20000000   00008000  00000216  00007dea  RW X


SEGMENT ALLOCATION MAP

run origin  load origin   length   init length attrs members
----------  ----------- ---------- ----------- ----- -------
00000000    00000000    00001000   00001000    r-x
  00000000    00000000    0000026c   0000026c    r-- .intvecs
  0000026c    0000026c    00000c6e   00000c6e    r-x .text
  00000eda    00000eda    00000106   00000106    r-- .const
  00000fe0    00000fe0    00000020   00000020    r-- .cinit
20000000    20000000    00000216   00000000    rw-
  20000000    20000000    00000200   00000000    rw- .stack
  20000200    20000200    00000016   00000000    rw- .data


SECTION ALLOCATION MAP

 output                                  attributes/
section   page    origin      length       input sections
--------  ----  ----------  ----------   ----------------
.intvecs   0    00000000    0000026c     
                  00000000    0000026c     tm4c123gh6pm_startup_ccs.obj (.intvecs)

.text      0    0000026c    00000c6e     
                  0000026c    00000548     Port.obj (.text)
                  000007b4    0000030c     Dio.obj (.text)
                  00000ac0    000000a8     Os.obj (.text)
                  00000b68    0000009c     rtsv7M4_T_le_v4SPD16_eabi.lib : memcpy_t2.asm.obj (.text)
                  00000c04    0000007c     Button.obj (.text)
                  00000c80    0000007c     Gpt.obj (.text)
                  00000cfc    00000068     rtsv7M4_T_le_v4SPD16_eabi.lib : copy_decompress_lzss.c.obj (.text:decompress:lzss:__TI_decompress_lzss)
                  00000d64    0000005c     App.obj (.text)
                  00000dc0    00000044     rtsv7M4_T_le_v4SPD16_eabi.lib : autoinit.c.obj (.text:__TI_auto_init_nobinit_nopinit:__TI_auto_init_nobinit_nopinit)
                  00000e04    0000003e     Led.obj (.text)
                  00000e42    00000002     --HOLE-- [fill = 0]
                  00000e44    00000034     rtsv7M4_T_le_v4SPD16_eabi.lib : boot_cortex_m.c.obj (.text:_c_int00_noargs:_c_int00_noargs)
                  00000e78    00000020     Mcu.obj (.text)
                  00000e98    00000016     Det.obj (.text)
                  00000eae    0000000e     rtsv7M4_T_le_v4SPD16_eabi.lib : copy_decompress_none.c.obj (.text:decompress:none:__TI_decompress_none)
                  00000ebc    0000000c     tm4c123gh6pm_startup_ccs.obj (.text)
                  00000ec8    0000000a     main.obj (.text)
                  00000ed2    00000004     rtsv7M4_T_le_v4SPD16_eabi.lib : pre_init.c.obj (.text:_system_pre_init)
                  00000ed6    00000004                                   : exit.c.obj (.text:abort:abort)

.const     0    00000eda    00000106     
                  00000eda    00000102     Port_PBcfg.obj (.const:Port_Configuration)
                  00000fdc    00000004     Dio_PBcfg.obj (.const:Dio_Configuration)

.cinit     0    00000fe0    00000020     
                  00000fe0    0000000e     (.cinit..data.load) [load image, compression = lzss]
                  00000fee    00000002     --HOLE-- [fill = 0]
                  00000ff0    00000008     (__TI_handler_table)
                  00000ff8    00000008     (__TI_cinit_table)

.init_array 
*          0    00000000    00000000     UNINITIALIZED

.data      0    20000200    00000016     UNINITIALIZED
                  20000200    00000005     Dio.obj (.data)
                  20000205    00000003     Button.obj (.data)
                  20000208    00000005     Port.obj (.data)
                  2000020d    00000002     App.obj (.data)
                  2000020f    00000001     --HOLE--
                  20000210    00000004     Gpt.obj (.data)
                  20000214    00000002     Os.obj (.data)

.stack     0    20000000    00000200     UNINITIALIZED
                  20000000    00000004     rtsv7M4_T_le_v4SPD16_eabi.lib : boot_cortex_m.c.obj (.stack)
                  20000004    000001fc     --HOLE--

__llvm_prf_cnts 
*          0    20000000    00000000     UNINITIALIZED

MODULE SUMMARY

       Module                         code   ro data   rw data
       ------                         ----   -------   -------
    .\
       Port.obj                       1352   0         5      
       Dio.obj                        780    0         5      
       tm4c123gh6pm_startup_ccs.obj   12     620       0      
       Port_PBcfg.obj                 0      258       0      
       Os.obj                         168    0         2      
       Gpt.obj                        124    0         4      
       Button.obj                     124    0         3      
       App.obj                        92     0         2      
       Led.obj                        62     0         0      
       Mcu.obj                        32     0         0      
       Det.obj                        22     0         0      
       main.obj                       10     0         0      
       Dio_PBcfg.obj                  0      4         0      
    +--+------------------------------+------+---------+---------+
       Total:                         2778   882       21     
                                                              
    C:\ti\ccs1270\ccs\tools\compiler\ti-cgt-arm_20.2.7.LTS\lib\rtsv7M4_T_le_v4SPD16_eabi.lib
       memcpy_t2.asm.obj              156    0         0      
       copy_decompress_lzss.c.obj     104    0         0      
       autoinit.c.obj                 68     0         0      
       boot_cortex_m.c.obj            52     0         0      
       copy_decompress_none.c.obj     14     0         0      
       exit.c.obj                     4      0         0      
       pre_init.c.obj                 4      0         0      
    +--+------------------------------+------+---------+---------+
       Total:                         402    0         0      
                                                              
       Stack:                         0      0         512    
       Linker Generated:              0      30        0      
    +--+------------------------------+------+---------+---------+
       Grand Total:                   3180   912       533    


LINKER GENERATED COPY TABLES

__TI_cinit_table @ 00000ff8 records: 1, size/record: 8, table size: 8
	.data: load addr=00000fe0, load size=0000000e bytes, run addr=20000200, run size=00000016 bytes, compression=lzss


LINKER GENERATED HANDLER TABLE

__TI_handler_table @ 00000ff0 records: 2, size/record: 4, table size: 8
	index: 0, handler: __TI_decompress_lzss
	index: 1, handler: __TI_decompress_none


GLOBAL SYMBOLS: SORTED ALPHABETICALLY BY Name 

address   name                          
-------   ----                          
00000d89  App_Task                      
00000c05  Button_GetState               
00000c0b  Button_RefreshState           
00000d79  Button_Task                   
00000ed7  C$$EXIT                       
00000e99  Det_ReportError               
00000fdc  Dio_Configuration             
00000993  Dio_FlipChannel               
000007b5  Dio_Init                      
000008b9  Dio_ReadChannel               
000007d9  Dio_WriteChannel              
00000d65  Init_Task                     
00000e1d  Led_RefreshOutput             
00000e11  Led_SetOff                    
00000e05  Led_SetOn                     
00000d81  Led_Task                      
00000e35  Led_Toggle                    
00000e79  Mcu_Init                      
00000adb  Os_NewTimerTick               
00000aeb  Os_Scheduler                  
00000ac1  Os_start                      
00000eda  Port_Configuration            
0000026d  Port_Init                     
000006ed  Port_RefreshPortDirection     
00000ebd  ResetISR                      
00000c81  SysTick_Handler               
00000cd9  SysTick_SetCallBack           
00000c91  SysTick_Start                 
00000cd1  SysTick_Stop                  
20000200  __STACK_END                   
00000200  __STACK_SIZE                  
20000200  __STACK_TOP                   
00000ff8  __TI_CINIT_Base               
00001000  __TI_CINIT_Limit              
00000ff0  __TI_Handler_Table_Base       
00000ff8  __TI_Handler_Table_Limit      
00000dc1  __TI_auto_init_nobinit_nopinit
00000cfd  __TI_decompress_lzss          
00000eaf  __TI_decompress_none          
ffffffff  __TI_pprof_out_hndl           
ffffffff  __TI_prof_data_size           
ffffffff  __TI_prof_data_start          
00000000  __TI_static_base__            
00000b69  __aeabi_memcpy                
00000b69  __aeabi_memcpy4               
00000b69  __aeabi_memcpy8               
ffffffff  __binit__                     
ffffffff  __c_args__                    
UNDEFED   __mpu_init                    
20000000  __stack                       
20000000  __start___llvm_prf_cnts       
20000000  __stop___llvm_prf_cnts        
00000e45  _c_int00_noargs               
UNDEFED   _system_post_cinit            
00000ed3  _system_pre_init              
00000ed7  abort                         
ffffffff  binit                         
00000000  g_pfnVectors                  
00000ec9  main                          
00000b69  memcpy                        


GLOBAL SYMBOLS: SORTED BY Symbol Address 

address   name                          
-------   ----                          
00000000  __TI_static_base__            
00000000  g_pfnVectors                  
00000200  __STACK_SIZE                  
0000026d  Port_Init                     
000006ed  Port_RefreshPortDirection     
000007b5  Dio_Init                      
000007d9  Dio_WriteChannel              
000008b9  Dio_ReadChannel               
00000993  Dio_FlipChannel               
00000ac1  Os_start                      
00000adb  Os_NewTimerTick               
00000aeb  Os_Scheduler                  
00000b69  __aeabi_memcpy                
00000b69  __aeabi_memcpy4               
00000b69  __aeabi_memcpy8               
00000b69  memcpy                        
00000c05  Button_GetState               
00000c0b  Button_RefreshState           
00000c81  SysTick_Handler               
00000c91  SysTick_Start                 
00000cd1  SysTick_Stop                  
00000cd9  SysTick_SetCallBack           
00000cfd  __TI_decompress_lzss          
00000d65  Init_Task                     
00000d79  Button_Task                   
00000d81  Led_Task                      
00000d89  App_Task                      
00000dc1  __TI_auto_init_nobinit_nopinit
00000e05  Led_SetOn                     
00000e11  Led_SetOff                    
00000e1d  Led_RefreshOutput             
00000e35  Led_Toggle                    
00000e45  _c_int00_noargs               
00000e79  Mcu_Init                      
00000e99  Det_ReportError               
00000eaf  __TI_decompress_none          
00000ebd  ResetISR                      
00000ec9  main                          
00000ed3  _system_pre_init              
00000ed7  C$$EXIT                       
00000ed7  abort                         
00000eda  Port_Configuration            
00000fdc  Dio_Configuration             
00000ff0  __TI_Handler_Table_Base       
00000ff8  __TI_CINIT_Base               
00000ff8  __TI_Handler_Table_Limit      
00001000  __TI_CINIT_Limit              
20000000  __stack                       
20000000  __start___llvm_prf_cnts       
20000000  __stop___llvm_prf_cnts        
20000200  __STACK_END                   
20000200  __STACK_TOP                   
ffffffff  __TI_pprof_out_hndl           
ffffffff  __TI_prof_data_size           
ffffffff  __TI_prof_data_start          
ffffffff  __binit__                     
ffffffff  __c_args__                    
ffffffff  binit                         
UNDEFED   __mpu_init                    
UNDEFED   _system_post_cinit            

[60 symbols]
